// Jest Snapshot v1, https://jestjs.io/docs/snapshot-testing

exports[`route-policy registry and structural deny-by-default every registered route carries an explicit policy (inventory snapshot) 1`] = `
[
  "DELETE /admin/role-assignments/:assignmentId → adminStepUp",
  "DELETE /auth/identities/:identityId → stepUpRequired",
  "DELETE /auth/sessions/:sessionId → stepUpRequired",
  "GET /admin/listings → adminStepUp",
  "GET /admin/listings/:programId → adminStepUp",
  "GET /admin/me → admin",
  "GET /admin/organizations → admin",
  "GET /admin/organizations/:organizationId → admin",
  "GET /admin/revisions → adminStepUp",
  "GET /admin/role-assignments → adminStepUp",
  "GET /admin/role-assignments/:assignmentId → adminStepUp",
  "GET /admin/taxonomy → adminStepUp",
  "GET /auth/sessions → authenticatedCustomer",
  "GET /catalogue/activity-types → public",
  "GET /catalogue/areas → public",
  "GET /catalogue/categories → public",
  "GET /catalogue/collections → public",
  "GET /internal/health → public",
  "GET /listings/:programId → public",
  "GET /me → authenticatedCustomer",
  "GET /provider/me → authenticatedCustomer",
  "GET /provider/organizations/:organizationId → provider",
  "GET /provider/organizations/:organizationId/listings → provider",
  "GET /provider/organizations/:organizationId/listings/:programId → provider",
  "GET /provider/organizations/:organizationId/staff → provider",
  "GET /providers/:organizationId → public",
  "GET /providers/:organizationId/listings → public",
  "GET /search → public",
  "HEAD /admin/listings → adminStepUp",
  "HEAD /admin/listings/:programId → adminStepUp",
  "HEAD /admin/me → admin",
  "HEAD /admin/organizations → admin",
  "HEAD /admin/organizations/:organizationId → admin",
  "HEAD /admin/revisions → adminStepUp",
  "HEAD /admin/role-assignments → adminStepUp",
  "HEAD /admin/role-assignments/:assignmentId → adminStepUp",
  "HEAD /admin/taxonomy → adminStepUp",
  "HEAD /auth/sessions → authenticatedCustomer",
  "HEAD /catalogue/activity-types → public",
  "HEAD /catalogue/areas → public",
  "HEAD /catalogue/categories → public",
  "HEAD /catalogue/collections → public",
  "HEAD /internal/health → public",
  "HEAD /listings/:programId → public",
  "HEAD /me → authenticatedCustomer",
  "HEAD /provider/me → authenticatedCustomer",
  "HEAD /provider/organizations/:organizationId → provider",
  "HEAD /provider/organizations/:organizationId/listings → provider",
  "HEAD /provider/organizations/:organizationId/listings/:programId → provider",
  "HEAD /provider/organizations/:organizationId/staff → provider",
  "HEAD /providers/:organizationId → public",
  "HEAD /providers/:organizationId/listings → public",
  "HEAD /search → public",
  "PATCH /admin/taxonomy/activity-types/:activityTypeId → adminStepUp",
  "PATCH /admin/taxonomy/areas/:areaId → adminStepUp",
  "PATCH /admin/taxonomy/categories/:categoryId → adminStepUp",
  "PATCH /admin/taxonomy/collections/:collectionId → adminStepUp",
  "PATCH /provider/organizations/:organizationId/branches/:branchId → provider",
  "PATCH /provider/organizations/:organizationId/listings/:programId → provider",
  "PATCH /provider/organizations/:organizationId/listings/:programId/media/:mediaId → provider",
  "PATCH /provider/organizations/:organizationId/listings/:programId/offers/:offerId → provider",
  "PATCH /provider/organizations/:organizationId/listings/:programId/price-options/:optionId → provider",
  "PATCH /provider/organizations/:organizationId/profile → provider",
  "POST /admin/listings/:programId/review/approve → adminStepUp",
  "POST /admin/listings/:programId/review/request-changes → adminStepUp",
  "POST /admin/listings/:programId/review/start → adminStepUp",
  "POST /admin/listings/:programId/revisions/:revisionId/approve → adminStepUp",
  "POST /admin/listings/:programId/revisions/:revisionId/reject → adminStepUp",
  "POST /admin/listings/:programId/revisions/:revisionId/review/start → adminStepUp",
  "POST /admin/organizations → adminStepUp",
  "POST /admin/organizations/:organizationId/go-live → adminStepUp",
  "POST /admin/organizations/:organizationId/offboard → adminStepUp",
  "POST /admin/organizations/:organizationId/reinstate → adminStepUp",
  "POST /admin/organizations/:organizationId/suspend → adminStepUp",
  "POST /admin/organizations/:organizationId/verification/reject → adminStepUp",
  "POST /admin/organizations/:organizationId/verification/start-review → adminStepUp",
  "POST /admin/organizations/:organizationId/verification/verify → adminStepUp",
  "POST /admin/role-requests → adminStepUp",
  "POST /admin/role-requests/:assignmentId/approve → adminStepUp",
  "POST /admin/role-requests/:assignmentId/deny → adminStepUp",
  "POST /admin/taxonomy/activity-types → adminStepUp",
  "POST /admin/taxonomy/areas → adminStepUp",
  "POST /admin/taxonomy/categories → adminStepUp",
  "POST /admin/taxonomy/collections → adminStepUp",
  "POST /auth/identities/link → stepUpRequired",
  "POST /auth/logout → authenticatedCustomer",
  "POST /auth/logout-all → authenticatedCustomer",
  "POST /auth/mfa/recovery-codes/regenerate → stepUpRequired",
  "POST /auth/mfa/totp/confirm → stepUpRequired",
  "POST /auth/mfa/totp/enroll → stepUpRequired",
  "POST /auth/password/reset-request → unauthenticatedAuthFlow",
  "POST /auth/session → unauthenticatedAuthFlow",
  "POST /auth/step-up/recovery-code → authenticatedCustomer",
  "POST /auth/step-up/totp/begin → authenticatedCustomer",
  "POST /auth/step-up/totp/complete → authenticatedCustomer",
  "POST /provider/invitations/accept → authenticatedCustomer",
  "POST /provider/organizations/:organizationId/branches → provider",
  "POST /provider/organizations/:organizationId/branches/:branchId/deactivate → provider",
  "POST /provider/organizations/:organizationId/listings → provider",
  "POST /provider/organizations/:organizationId/listings/:programId/archive → provider",
  "POST /provider/organizations/:organizationId/listings/:programId/branches → provider",
  "POST /provider/organizations/:organizationId/listings/:programId/branches/:branchId/remove → provider",
  "POST /provider/organizations/:organizationId/listings/:programId/media → provider",
  "POST /provider/organizations/:organizationId/listings/:programId/media/:mediaId/archive → provider",
  "POST /provider/organizations/:organizationId/listings/:programId/offers → provider",
  "POST /provider/organizations/:organizationId/listings/:programId/offers/:offerId/end → provider",
  "POST /provider/organizations/:organizationId/listings/:programId/pause → provider",
  "POST /provider/organizations/:organizationId/listings/:programId/price-options → provider",
  "POST /provider/organizations/:organizationId/listings/:programId/price-options/:optionId/archive → provider",
  "POST /provider/organizations/:organizationId/listings/:programId/publish → provider",
  "POST /provider/organizations/:organizationId/listings/:programId/submit → provider",
  "POST /provider/organizations/:organizationId/staff/invitations → providerStepUp",
  "POST /provider/organizations/:organizationId/staff/invitations/:invitationId/revoke → providerStepUp",
  "POST /provider/organizations/:organizationId/staff/memberships/:membershipId/revoke → providerStepUp",
  "POST /provider/organizations/:organizationId/submit → provider",
]
`;
