// Jest Snapshot v1, https://jestjs.io/docs/snapshot-testing

exports[`route-policy registry and structural deny-by-default every registered route carries an explicit policy (inventory snapshot) 1`] = `
[
  "DELETE /admin/role-assignments/:assignmentId → admin",
  "DELETE /auth/identities/:identityId → stepUpRequired",
  "DELETE /auth/sessions/:sessionId → stepUpRequired",
  "GET /admin/role-assignments → admin",
  "GET /admin/role-assignments/:assignmentId → admin",
  "GET /auth/sessions → authenticatedCustomer",
  "GET /internal/health → public",
  "GET /me → authenticatedCustomer",
  "GET /provider/me → authenticatedCustomer",
  "GET /provider/organizations/:organizationId → provider",
  "GET /provider/organizations/:organizationId/listings → provider",
  "GET /provider/organizations/:organizationId/listings/:programId → provider",
  "GET /provider/organizations/:organizationId/staff → provider",
  "GET /providers/:organizationId → public",
  "HEAD /admin/role-assignments → admin",
  "HEAD /admin/role-assignments/:assignmentId → admin",
  "HEAD /auth/sessions → authenticatedCustomer",
  "HEAD /internal/health → public",
  "HEAD /me → authenticatedCustomer",
  "HEAD /provider/me → authenticatedCustomer",
  "HEAD /provider/organizations/:organizationId → provider",
  "HEAD /provider/organizations/:organizationId/listings → provider",
  "HEAD /provider/organizations/:organizationId/listings/:programId → provider",
  "HEAD /provider/organizations/:organizationId/staff → provider",
  "HEAD /providers/:organizationId → public",
  "PATCH /provider/organizations/:organizationId/branches/:branchId → provider",
  "PATCH /provider/organizations/:organizationId/listings/:programId → provider",
  "PATCH /provider/organizations/:organizationId/listings/:programId/media/:mediaId → provider",
  "PATCH /provider/organizations/:organizationId/listings/:programId/offers/:offerId → provider",
  "PATCH /provider/organizations/:organizationId/listings/:programId/price-options/:optionId → provider",
  "PATCH /provider/organizations/:organizationId/profile → provider",
  "POST /admin/organizations → admin",
  "POST /admin/organizations/:organizationId/go-live → admin",
  "POST /admin/organizations/:organizationId/offboard → admin",
  "POST /admin/organizations/:organizationId/reinstate → admin",
  "POST /admin/organizations/:organizationId/suspend → admin",
  "POST /admin/organizations/:organizationId/verification/reject → admin",
  "POST /admin/organizations/:organizationId/verification/start-review → admin",
  "POST /admin/organizations/:organizationId/verification/verify → admin",
  "POST /admin/role-requests → admin",
  "POST /admin/role-requests/:assignmentId/approve → admin",
  "POST /admin/role-requests/:assignmentId/deny → admin",
  "POST /auth/identities/link → stepUpRequired",
  "POST /auth/logout → authenticatedCustomer",
  "POST /auth/logout-all → authenticatedCustomer",
  "POST /auth/mfa/recovery-codes/regenerate → stepUpRequired",
  "POST /auth/mfa/totp/confirm → stepUpRequired",
  "POST /auth/mfa/totp/enroll → stepUpRequired",
  "POST /auth/password/reset-request → unauthenticatedAuthFlow",
  "POST /auth/session → unauthenticatedAuthFlow",
  "POST /auth/step-up/recovery-code → authenticatedCustomer",
  "POST /auth/step-up/totp/begin → authenticatedCustomer",
  "POST /auth/step-up/totp/complete → authenticatedCustomer",
  "POST /provider/invitations/accept → authenticatedCustomer",
  "POST /provider/organizations/:organizationId/branches → provider",
  "POST /provider/organizations/:organizationId/branches/:branchId/deactivate → provider",
  "POST /provider/organizations/:organizationId/listings → provider",
  "POST /provider/organizations/:organizationId/listings/:programId/archive → provider",
  "POST /provider/organizations/:organizationId/listings/:programId/branches → provider",
  "POST /provider/organizations/:organizationId/listings/:programId/branches/:branchId/remove → provider",
  "POST /provider/organizations/:organizationId/listings/:programId/media → provider",
  "POST /provider/organizations/:organizationId/listings/:programId/media/:mediaId/archive → provider",
  "POST /provider/organizations/:organizationId/listings/:programId/offers → provider",
  "POST /provider/organizations/:organizationId/listings/:programId/offers/:offerId/end → provider",
  "POST /provider/organizations/:organizationId/listings/:programId/pause → provider",
  "POST /provider/organizations/:organizationId/listings/:programId/price-options → provider",
  "POST /provider/organizations/:organizationId/listings/:programId/price-options/:optionId/archive → provider",
  "POST /provider/organizations/:organizationId/listings/:programId/publish → provider",
  "POST /provider/organizations/:organizationId/listings/:programId/submit → provider",
  "POST /provider/organizations/:organizationId/staff/invitations → providerStepUp",
  "POST /provider/organizations/:organizationId/staff/invitations/:invitationId/revoke → providerStepUp",
  "POST /provider/organizations/:organizationId/staff/memberships/:membershipId/revoke → providerStepUp",
  "POST /provider/organizations/:organizationId/submit → provider",
]
`;
